#-----------------------------------------------------------
# Vivado v2018.3 (64-bit)
# SW Build 2405991 on Thu Dec  6 23:38:27 MST 2018
# IP Build 2404404 on Fri Dec  7 01:43:56 MST 2018
# Start of session at: Wed Dec  2 09:22:46 2020
# Process ID: 3428
# Current directory: C:/Users/96547/Desktop/adc_hyx
# Command line: vivado.exe -gui_launcher_event rodinguilauncherevent10924 C:\Users\96547\Desktop\adc_hyx\XADC001.xpr
# Log file: C:/Users/96547/Desktop/adc_hyx/vivado.log
# Journal file: C:/Users/96547/Desktop/adc_hyx\vivado.jou
#-----------------------------------------------------------
start_gui
open_project C:/Users/96547/Desktop/adc_hyx/XADC001.xpr
update_compile_order -fileset sources_1
open_hw
connect_hw_server
open_hw_target
set_property PROGRAM.FILE {C:/Users/96547/Desktop/adc_hyx/XADC001.runs/impl_1/wdnmd.bit} [get_hw_devices xc7a35t_0]
current_hw_device [get_hw_devices xc7a35t_0]
refresh_hw_device -update_hw_probes false [lindex [get_hw_devices xc7a35t_0] 0]
set_property PROBES.FILE {} [get_hw_devices xc7a35t_0]
set_property FULL_PROBES.FILE {} [get_hw_devices xc7a35t_0]
set_property PROGRAM.FILE {C:/Users/96547/Desktop/adc_hyx/XADC001.runs/impl_1/wdnmd.bit} [get_hw_devices xc7a35t_0]
program_hw_devices [get_hw_devices xc7a35t_0]
refresh_hw_device [lindex [get_hw_devices xc7a35t_0] 0]
