#-----------------------------------------------------------
# Vivado v2018.3 (64-bit)
# SW Build 2405991 on Thu Dec  6 23:38:27 MST 2018
# IP Build 2404404 on Fri Dec  7 01:43:56 MST 2018
# Start of session at: Mon Nov 16 20:19:49 2020
# Process ID: 14556
# Current directory: G:/vivado_project/day4/fsm
# Command line: vivado.exe -gui_launcher_event rodinguilauncherevent1340 G:\vivado_project\day4\fsm\fsm.xpr
# Log file: G:/vivado_project/day4/fsm/vivado.log
# Journal file: G:/vivado_project/day4/fsm\vivado.jou
#-----------------------------------------------------------
start_gui
open_project G:/vivado_project/day4/fsm/fsm.xpr
file mkdir G:/vivado_project/day4/fsm/fsm.srcs/sources_1/new
close [ open G:/vivado_project/day4/fsm/fsm.srcs/sources_1/new/fsm.v w ]
add_files G:/vivado_project/day4/fsm/fsm.srcs/sources_1/new/fsm.v
update_compile_order -fileset sources_1
close [ open G:/vivado_project/day4/fsm/fsm.srcs/sources_1/new/sim_fsm.v w ]
add_files G:/vivado_project/day4/fsm/fsm.srcs/sources_1/new/sim_fsm.v
update_compile_order -fileset sources_1
